node.exe : npm warn Unknown env config "devdir". This will stop working in the next major version of npm. See `npm help
 npmrc` for supported config options.
発生場所 行:1 文字:1
+ & "C:\Program Files\nodejs/node.exe" "C:\Program Files\nodejs/node_mo ...
+ ~~~~~~~~~~~~~~~~~~~~~~~~~~~~~~~~~~~~~~~~~~~~~~~~~~~~~~~~~~~~~~~~~~~~~
    + CategoryInfo          : NotSpecified: (npm warn Unknow...config options.:String) [], RemoteException
    + FullyQualifiedErrorId : NativeCommandError
 
[WebServer] npm warn Unknown env config "devdir". This will stop working in the next major version of npm. See `npm hel
p npmrc` for supported config options.
[WebServer] npm warn Unknown env config "devdir". This will stop working in the next major version of npm. See `npm hel
p npmrc` for supported config options.

Running 3 tests using 1 worker

(node:22320) Warning: The 'NO_COLOR' env is ignored due to the 'FORCE_COLOR' env being set.
(Use `node --trace-warnings ...` to show where the warning was created)
[dotenv@17.2.2] injecting env (0) from .env.local,.env -- tip: 笞呻ｸ・ load multiple .env files with { path: ['.env.local', '.env'] }
  ok 1 [global setup] 窶ｺ e2e\global.setup.ts:14:6 窶ｺ configure Clerk testing (962ms)
[WebServer] (node:32696) [DEP0060] DeprecationWarning: The `util._extend` API is deprecated. Please use Object.assign()
 instead.
[WebServer] (Use `node --trace-deprecation ...` to show where the warning was created)
  ok 2 [global setup] 窶ｺ e2e\global.setup.ts:18:6 窶ｺ authenticate admin and save storageState (23.6s)
(node:31048) Warning: The 'NO_COLOR' env is ignored due to the 'FORCE_COLOR' env being set.
(Use `node --trace-warnings ...` to show where the warning was created)
SECRET_KEY is not set; using ephemeral dev key
[WebServer]  筧ｯ Error: aborted
[WebServer]     at abortIncoming (node:_http_server:855:17)
[WebServer]     at socketOnClose (node:_http_server:848:3)
[WebServer]     at Socket.emit (node:events:521:24)
[WebServer]     at TCP.<anonymous> (node:net:350:12)
  ok 3 [phase3-9-oripa] 窶ｺ e2e\phase3-9-oripa.spec.ts:55:5 窶ｺ Gate3/4: customer oripa secrecy + UI (1.1m)

  3 passed (2.2m)
